# why databases?
- relational databases - mysql,mariadb,oracle
- non-relational databases - cassendra,mongodb,radis

# install mysql server.
* sudo apt-get install mysql-server (server,mysql-client)
* mysql workbench

tcloudost@tcloudost-VirtualBox ~ $ mysql -u root -p
Enter password: 
Welcome to the MySQL monitor.  Commands end with ; or \g.
Your MySQL connection id is 38
Server version: 5.5.47-0ubuntu0.14.04.1 (Ubuntu)

Copyright (c) 2000, 2015, Oracle and/or its affiliates. All rights reserved.

Oracle is a registered trademark of Oracle Corporation and/or its
affiliates. Other names may be trademarks of their respective
owners.

Type 'help;' or '\h' for help. Type '\c' to clear the current input statement.

mysql> help contents;
You asked for help about help category: "Contents"
For more information, type 'help <item>', where <item> is one of the following
categories:
   Account Management
   Administration
   Compound Statements
   Data Definition
   Data Manipulation
   Data Types
   Functions
   Functions and Modifiers for Use with GROUP BY
   Geographic Features
   Help Metadata
   Language Structure
   Plugins
   Procedures
   Storage Engines
   Table Maintenance
   Transactions
   User-Defined Functions
   Utility

mysql> help Functions;
You asked for help about help category: "Functions"
For more information, type 'help <item>', where <item> is one of the following
categories:
   Bit Functions
   Comparison operators
   Control flow functions
   Date and Time Functions
   Encryption Functions
   Information Functions
   Logical operators
   Miscellaneous Functions
   Numeric Functions
   String Functions

mysql> help Information Functions;
You asked for help about help category: "Information Functions"
For more information, type 'help <item>', where <item> is one of the following
topics:
   BENCHMARK
   CHARSET
   COERCIBILITY
   COLLATION
   CONNECTION_ID
   CURRENT_USER
   DATABASE
   FOUND_ROWS
   LAST_INSERT_ID
   ROW_COUNT
   SCHEMA
   SESSION_USER
   SYSTEM_USER
   USER
   VERSION

mysql> help version;
Name: 'VERSION'
Description:
Syntax:
VERSION()

Returns a string that indicates the MySQL server version. The string
uses the utf8 character set. The value might have a suffix in addition
to the version number. See the description of the version system
variable in
http://dev.mysql.com/doc/refman/5.5/en/server-system-variables.html.

URL: http://dev.mysql.com/doc/refman/5.5/en/information-functions.html

Examples:
mysql> SELECT VERSION();
        -> '5.5.47-standard'

mysql> select version();
+-------------------------+
| version()               |
+-------------------------+
| 5.5.47-0ubuntu0.14.04.1 |
+-------------------------+
1 row in set (0.00 sec)

mysql> help user;
Name: 'USER'
Description:
Syntax:
USER()

Returns the current MySQL user name and host name as a string in the
utf8 character set.

URL: http://dev.mysql.com/doc/refman/5.5/en/information-functions.html

Examples:
mysql> SELECT USER();
        -> 'davida@localhost'

mysql> select user();
+----------------+
| user()         |
+----------------+
| root@localhost |
+----------------+
1 row in set (0.00 sec)

mysql> help DATABASE;
Name: 'DATABASE'
Description:
Syntax:
DATABASE()

Returns the default (current) database name as a string in the utf8
character set. If there is no default database, DATABASE() returns
NULL. Within a stored routine, the default database is the database
that the routine is associated with, which is not necessarily the same
as the database that is the default in the calling context.

URL: http://dev.mysql.com/doc/refman/5.5/en/information-functions.html

Examples:
mysql> SELECT DATABASE();
        -> 'test'

mysql> select database();
+------------+
| database() |
+------------+
| NULL       |
+------------+
1 row in set (0.00 sec)

mysql> help show;
Name: 'SHOW'
Description:
SHOW has many forms that provide information about databases, tables,
columns, or status information about the server. This section describes
those following:

SHOW AUTHORS
SHOW {BINARY | MASTER} LOGS
SHOW BINLOG EVENTS [IN 'log_name'] [FROM pos] [LIMIT [offset,] row_count]
SHOW CHARACTER SET [like_or_where]
SHOW COLLATION [like_or_where]
SHOW [FULL] COLUMNS FROM tbl_name [FROM db_name] [like_or_where]
SHOW CONTRIBUTORS
SHOW CREATE DATABASE db_name
SHOW CREATE EVENT event_name
SHOW CREATE FUNCTION func_name
SHOW CREATE PROCEDURE proc_name
SHOW CREATE TABLE tbl_name
SHOW CREATE TRIGGER trigger_name
SHOW CREATE VIEW view_name
SHOW DATABASES [like_or_where]
SHOW ENGINE engine_name {STATUS | MUTEX}
SHOW [STORAGE] ENGINES
SHOW ERRORS [LIMIT [offset,] row_count]
SHOW EVENTS
SHOW FUNCTION CODE func_name
SHOW FUNCTION STATUS [like_or_where]
SHOW GRANTS FOR user
SHOW INDEX FROM tbl_name [FROM db_name]
SHOW MASTER STATUS
SHOW OPEN TABLES [FROM db_name] [like_or_where]
SHOW PLUGINS
SHOW PROCEDURE CODE proc_name
SHOW PROCEDURE STATUS [like_or_where]
SHOW PRIVILEGES
SHOW [FULL] PROCESSLIST
SHOW PROFILE [types] [FOR QUERY n] [OFFSET n] [LIMIT n]
SHOW PROFILES
SHOW SLAVE HOSTS
SHOW SLAVE STATUS
SHOW [GLOBAL | SESSION] STATUS [like_or_where]
SHOW TABLE STATUS [FROM db_name] [like_or_where]
SHOW [FULL] TABLES [FROM db_name] [like_or_where]
SHOW TRIGGERS [FROM db_name] [like_or_where]
SHOW [GLOBAL | SESSION] VARIABLES [like_or_where]
SHOW WARNINGS [LIMIT [offset,] row_count]

like_or_where:
    LIKE 'pattern'
  | WHERE expr

If the syntax for a given SHOW statement includes a LIKE 'pattern'
part, 'pattern' is a string that can contain the SQL "%" and "_"
wildcard characters. The pattern is useful for restricting statement
output to matching values.

Several SHOW statements also accept a WHERE clause that provides more
flexibility in specifying which rows to display. See
http://dev.mysql.com/doc/refman/5.5/en/extended-show.html.

URL: http://dev.mysql.com/doc/refman/5.5/en/show.html


mysql> show databases;
+--------------------+
| Database           |
+--------------------+
| information_schema |
| batch58            |
| mysql              |
| performance_schema |
+--------------------+
4 rows in set (0.04 sec)

mysql> drop batch58;
ERROR 1064 (42000): You have an error in your SQL syntax; check the manual that corresponds to your MySQL server version for the right syntax to use near 'batch58' at line 1
mysql> drop database batch58;
Query OK, 1 row affected (0.02 sec)

mysql> drop batch58;
ERROR 1064 (42000): You have an error in your SQL syntax; check the manual that corresponds to your MySQL server version for the right syntax to use near 'batch58' at line 1
mysql> show databases;
+--------------------+
| Database           |
+--------------------+
| information_schema |
| mysql              |
| performance_schema |
+--------------------+
3 rows in set (0.00 sec)

mysql> create database batch60;
Query OK, 1 row affected (0.00 sec)

mysql> show databases;
+--------------------+
| Database           |
+--------------------+
| information_schema |
| batch60            |
| mysql              |
| performance_schema |
+--------------------+
4 rows in set (0.00 sec)

mysql> 

mysql> show databases;
+--------------------+
| Database           |
+--------------------+
| information_schema |
| batch60            |
| mysql              |
| performance_schema |
+--------------------+
4 rows in set (0.00 sec)

mysql> create user user60;
Query OK, 0 rows affected (0.00 sec)

mysql> grant all on batch60.* to 'user60'@'localhost' identified by 'user60';
Query OK, 0 rows affected (0.01 sec)

mysql> grant all on batch60.* to 'user60'@'localhost' identified by 'user60';
Query OK, 0 rows affected (0.01 sec)

mysql> quit()
    -> \c
mysql> exit
Bye

tcloudost@tcloudost-VirtualBox ~ $ mysql -u user60 -p
Enter password: 
Welcome to the MySQL monitor.  Commands end with ; or \g.
Your MySQL connection id is 40
Server version: 5.5.47-0ubuntu0.14.04.1 (Ubuntu)

Copyright (c) 2000, 2015, Oracle and/or its affiliates. All rights reserved.

Oracle is a registered trademark of Oracle Corporation and/or its
affiliates. Other names may be trademarks of their respective
owners.

Type 'help;' or '\h' for help. Type '\c' to clear the current input statement.

mysql> select user();
+------------------+
| user()           |
+------------------+
| user60@localhost |
+------------------+
1 row in set (0.01 sec)

mysql> show databases;
+--------------------+
| Database           |
+--------------------+
| information_schema |
| batch60            |
+--------------------+
2 rows in set (0.00 sec)

mysql> select database();
+------------+
| database() |
+------------+
| NULL       |
+------------+
1 row in set (0.00 sec)

mysql> use batch60;
Database changed
mysql> 
mysql> select database();
+------------+
| database() |
+------------+
| batch60    |
+------------+
1 row in set (0.00 sec)

mysql> show tables;
Empty set (0.00 sec)

mysql> 

